Please enter your session type:
Please enter a command admin:
Please enter the account holder's name:
Please enter the account number:
Please enter amount to withdraw:
Success, 15.00 has been withdrawn.
Available Balance (12347):
95.00
Please enter your session type:
Please enter a login name:
Please enter a command user:
Please enter the account number:
Please enter amount to withdraw:
Success, 15.00 has been withdrawn.
Available Balance (12347):
79.95
