Please enter your session type:
Please enter a command admin:
Please enter the account holder's name:
Please enter the account number:
Please enter the account number to receive money: 
Error, that account has been is disabled.
