Please enter your session type: 
Please enter a command admin: 
Please enter the new account holder's name: 
Please enter their initial balance: 
Error, account name already taken.