Please enter a command: 
Please enter your session type: 
Please enter a command: 
Please enter the account holder's name: 
Please enter the user's account number: 
Please enter an amount to deposit: 
ERROR, INVALID INPUT.
Please enter a command: 
Please enter a command: 
Please enter your session type: 
Please enter a login name: 
Please enter a command: 
Please enter the user's account number: 
Please enter an amount to deposit: 
ERROR, INVALID INPUT.
Please enter a command: 
