Please enter a command: 
Please enter your session type: 
Please enter a command: 
Please enter the account holder's name: 
Please enter the user's account number: 
Please enter amount to deposit: 
The deposit transaction has completed.
Available Balance (12351):
500.00
Please enter a command: 
Please enter the account holder's name: 
Please enter the user's account number: 
Please enter amount to deposit: 
The deposit transaction has completed.
Available Balance (12352):
500.00
Please enter a command: 
