Please enter a command: 
Please enter your session type: 
Please enter a command: 
Please enter the account holder's name: 
Please enter the user's account number: 
Please enter amount to deposit: 
ERROR, INPUT VALUE IS TOO SMALL.
Please enter a command: 
Please enter the account holder's name: 
Please enter the user's account number: 
Please enter amount to deposit: 
ERROR, INPUT VALUE IS TOO SMALL.
Please enter a command: 
Please enter a command: 
Please enter your session type: 
Please enter a login name: 
Please enter a command: 
Please enter the user's account number: 
Please enter amount to deposit: 
ERROR, INPUT VALUE IS TOO SMALL.
Please enter a command: 
Please enter the user's account number: 
Please enter amount to deposit: 
ERROR, INPUT VALUE IS TOO SMALL.
Please enter a command: 
