Please enter a command: 
Please enter your session type: 
Please enter a login name: 
Please enter a command: 
ERROR, YOU DO NOT HAVE THE CORRECT PRIVILEGES.
Please enter a command: 
