Please enter your session type:
Please enter a login name:
Please enter a command user:
Error, you do not have the correct privileges to access this feature.
