Please enter a command: 
Please enter your session type: 
Please enter a login name: 
Please enter a command: 
Please enter a command: 
ERROR, YOU HAVE NOT LOGGED IN YET.
Please enter a command: 
ERROR, YOU HAVE NOT LOGGED IN YET.
Please enter a command: 
ERROR, YOU HAVE NOT LOGGED IN YET.
Please enter a command: 
ERROR, YOU HAVE NOT LOGGED IN YET.
Please enter a command: 
ERROR, YOU HAVE NOT LOGGED IN YET.
Please enter a command: 
ERROR, YOU HAVE NOT LOGGED IN YET.
Please enter a command: 
ERROR, YOU HAVE NOT LOGGED IN YET.
Please enter a command: 
ERROR, YOU HAVE NOT LOGGED IN YET.
Please enter a command: 
ERROR, YOU HAVE NOT LOGGED IN YET.
Please enter a command: 
ERROR, YOU HAVE NOT LOGGED IN YET.
Please enter a command: 
Please enter your session type: 
Please enter a command: 
Please enter a command: 
ERROR, YOU HAVE NOT LOGGED IN YET.
Please enter a command: 
ERROR, YOU HAVE NOT LOGGED IN YET.
Please enter a command: 
ERROR, YOU HAVE NOT LOGGED IN YET.
Please enter a command: 
ERROR, YOU HAVE NOT LOGGED IN YET.
Please enter a command: 
ERROR, YOU HAVE NOT LOGGED IN YET.
Please enter a command: 
ERROR, YOU HAVE NOT LOGGED IN YET.
Please enter a command: 
ERROR, YOU HAVE NOT LOGGED IN YET.
Please enter a command: 
ERROR, YOU HAVE NOT LOGGED IN YET.
Please enter a command: 
ERROR, YOU HAVE NOT LOGGED IN YET.
Please enter a command: 
ERROR, YOU HAVE NOT LOGGED IN YET.
