Please enter your session type:
Please enter a command admin:
Please enter the account holder's name:
Please enter the account number:
Please enter recipient to be paid:
Error, BS is not a valid company name.
Please enter the account holder's name:
Please enter the account number:
Please enter recipient to be paid:
Error, SBS is not two characters.
Please enter the account holder's name:
Please enter the account number:
Please enter recipient to be paid:
Error, S is not two characters.
Please enter the account holder's name:
Please enter the account number:
Please enter recipient to be paid:
Error, TVI is not two characters.
Please enter the account holder's name:
Please enter the account number:
Please enter recipient to be paid:
Error, CE is not a valid company name.
Please enter your session type:
Please enter a login name:
Please enter a command user:
Please enter the account number:
Please enter recipient to be paid:
Error, BS is not a valid company name.
Please enter the account number:
Please enter recipient to be paid:
Error, SBS is not two characters.
Please enter the account number:
Please enter recipient to be paid:
Error, S is not two characters.
Please enter the account number:
Please enter recipient to be paid:
Error, TVI is not two characters.
Please enter the account number:
Please enter recipient to be paid:
Error, CE is not a valid company name.