Please enter a command: 
Please enter your session type: 
Please enter a login name: 
Please enter a command: 
Please enter the user's account number: 
Please enter recipient to be paid: 
Please enter amount to pay: 
Amount has been paid successfully.
Available Balance (12348):
9999.90
Daily Payment Limit to TV Remaining (12348):
1990.00
Please enter a command: 
Please enter the user's account number: 
Please enter recipient to be paid: 
Please enter amount to pay: 
Amount has been paid successfully.
Available Balance (12348):
8004.80
Daily Payment Limit to CQ Remaining (12348):
5.00
Please enter a command: 
Please enter the user's account number: 
Please enter recipient to be paid: 
Please enter amount to pay: 
Amount has been paid successfully.
Available Balance (12355):
8004.90
Daily Payment Limit to TV Remaining (12355):
5.00
Please enter a command: 
Please enter the user's account number: 
Please enter recipient to be paid: 
Please enter amount to pay: 
Amount has been paid successfully.
Available Balance (12348):
6014.70
Daily Payment Limit to TV Remaining (12348):
0.00
Please enter a command: 
Please enter the user's account number: 
Please enter recipient to be paid: 
Please enter amount to pay: 
Amount has been paid successfully.
Available Balance (12348):
6009.60
Daily Payment Limit to CQ Remaining (12348):
0.00
Please enter a command: 
Please enter the user's account number: 
Please enter recipient to be paid: 
Please enter amount to pay: 
Amount has been paid successfully.
Available Balance (12355):
7999.80
Daily Payment Limit to TV Remaining (12355):
0.00
Please enter a command: 
Please enter the user's account number: 
Please enter recipient to be paid: 
Please enter amount to pay: 
Amount has been paid successfully.
Available Balance (12355):
5999.70
Daily Payment Limit to CQ Remaining (12355):
0.00
Please enter a command: 
