Please enter a command: 
Please enter your session type: 
Please enter a command: 
Please enter the account holder's name: 
Please enter the user's account number: 
Please enter recipient to be paid: 
Please enter amount to pay: 
ERROR, INPUT CANNOT CONTAIN DOLLAR SIGNS.
Please enter a command: 
Please enter the account holder's name: 
Please enter the user's account number: 
Please enter recipient to be paid: 
Please enter amount to pay: 
ERROR, INPUT CANNOT CONTAIN DOLLAR SIGNS.
Please enter a command: 
Please enter the account holder's name: 
Please enter the user's account number: 
Please enter recipient to be paid: 
Please enter amount to pay: 
ERROR, INPUT CANNOT CONTAIN COMMAS; FOR DECIMAL POINT PLEASE USE . INSTEAD.
Please enter a command: 
Please enter a command: 
Please enter your session type: 
Please enter a login name: 
Please enter a command: 
Please enter the user's account number: 
Please enter recipient to be paid: 
Please enter amount to pay: 
ERROR, INPUT CANNOT CONTAIN DOLLAR SIGNS.
Please enter a command: 
Please enter the user's account number: 
Please enter recipient to be paid: 
Please enter amount to pay: 
ERROR, INPUT CANNOT CONTAIN DOLLAR SIGNS.
Please enter a command: 
Please enter the user's account number: 
Please enter recipient to be paid: 
Please enter amount to pay: 
ERROR, INPUT CANNOT CONTAIN COMMAS; FOR DECIMAL POINT PLEASE USE . INSTEAD.
Please enter a command: 
