Please enter your session type:
Please enter a login name:
Please enter a command user:
Please enter the account number:
Please enter recipient to be paid:
Please enter amount to pay:
Success, 5.00 has been paid to TV.
Available Balance (12351):
494.95
Daily Payment Limit to TV Remaining (12351):
1995.00
Please enter your session type:
Please enter a login name:
Please enter a command user:
Please enter the account number:
Please enter recipient to be paid:
Please enter amount to pay:
Success, 5.00 has been paid to TV.
Available Balance (12352):
494.90
Daily Payment Limit to TV Remaining (12352):
1995.00