Please enter your session type:
Please enter a login name:
Please enter a command user:
Enter your account number:
Enter account number to transfer to:
Enter amount:
Success, 1000.00 was transferred to 12346.
Please enter a command: 
