Please enter a command: 
Please enter your session type: 
Please enter a login name: 
Please enter a command: 
Please enter the transferring account's number: 
Please enter the recipient account's number: 
Please enter amount to transfer: 
ERROR, YOU CANNOT TRANSFER ZERO DOLLARS.
Please enter a command: 
