Please enter your session type:  
Please enter a login name:  
Please enter a command:  
Enter your account number:  
Enter account number to transfer to:  
Enter amount:  
You cannot transfer 1005 dollars it is beyond the transfer limit