Please enter a command: 
Please enter your session type: 
Please enter a command: 
Please enter the account holder's name: 
Please enter the user's account number: 
Please enter amount to withdraw: 
The withdrawal transaction has completed.
Available Balance (12345):
95.00
Please enter a command: 
Please enter a command: 
Please enter your session type: 
Please enter a login name: 
Please enter a command: 
Please enter the user's account number: 
Please enter amount to withdraw: 
The withdrawal transaction has completed.
Available Balance (12345):
79.95
Daily Withdrawals Remaining (12345):
485.00
Please enter a command: 
