Please enter your session type:
Please enter a command admin:
Please enter the account holder's name:
Please enter the account number:
Please enter amount to withdraw:
Error, only positive values are accepted.
Please enter the account holder's name:
Please enter the account number:
Please enter amount to withdraw:
Error, only positive values are accepted.
Please enter your session type:
Please enter a login name:
Please enter a command user:
Please enter the account number:
Please enter amount to withdraw:
Error, only positive values are accepted.
Please enter the account number:
Please enter amount to withdraw:
Error, only positive values are accepted.