Please enter your session type:
Please enter a command admin:
Please enter the account holder's name:
Please enter the account number:
Please enter amount to withdraw:
Error, input cannot contain dollar signs.
Please enter the account holder's name:
Please enter the account number:
Please enter amount to withdraw:
Error, input cannot contain dollar signs.
Please enter the account holder's name:
Please enter the account number:
Please enter amount to withdraw:
Error, input cannot contain commas; for decimal point please use . instead
Please enter your session type:
Please enter your session type:
Please enter a login name:
Please enter a command user:
Please enter the account number:
Please enter amount to withdraw:
Error, input cannot contain dollar signs.
Please enter the account number:
Please enter amount to withdraw:
Error, input cannot contain dollar signs.
Please enter the account number:
Please enter amount to withdraw:
Error, input cannot contain commas; for decimal point please use . instead
Please enter a command: 
