Please enter a command: 
Please enter your session type: 
Please enter a command: 
Please enter the account holder's name: 
Please enter the user's account number: 
Please enter amount to withdraw: 
ERROR, ONLY CANADIAN BILL VALUES ARE ALLOWED.
Please enter a command: 
Please enter the account holder's name: 
Please enter the user's account number: 
Please enter amount to withdraw: 
ERROR, ONLY CANADIAN BILL VALUES ARE ALLOWED.
Please enter a command: 
Please enter the account holder's name: 
Please enter the user's account number: 
Please enter amount to withdraw: 
ERROR, ONLY CANADIAN BILL VALUES ARE ALLOWED.
Please enter a command: 
Please enter the account holder's name: 
Please enter the user's account number: 
Please enter amount to withdraw: 
ERROR, ONLY CANADIAN BILL VALUES ARE ALLOWED.
Please enter a command: 
Please enter a command: 
Please enter your session type: 
Please enter a login name: 
Please enter a command: 
Please enter the user's account number: 
Please enter amount to withdraw: 
ERROR, ONLY CANADIAN BILL VALUES ARE ALLOWED.
Please enter a command: 
Please enter the user's account number: 
Please enter amount to withdraw: 
ERROR, ONLY CANADIAN BILL VALUES ARE ALLOWED.
Please enter a command: 
Please enter the user's account number: 
Please enter amount to withdraw: 
ERROR, ONLY CANADIAN BILL VALUES ARE ALLOWED.
Please enter a command: 
Please enter the user's account number: 
Please enter amount to withdraw: 
ERROR, ONLY CANADIAN BILL VALUES ARE ALLOWED.
Please enter a command: 
