Please enter a command: 
Please enter your session type: 
Please enter a login name: 
Please enter a command: 
Please enter the user's account number: 
Please enter amount to withdraw: 
The withdrawal transaction has completed.
Available Balance (12349):
1090.91
Daily Withdrawals Remaining (12349):
490.00
Please enter a command: 
Please enter the user's account number: 
Please enter amount to withdraw: 
The withdrawal transaction has completed.
Available Balance (12350):
105.70
Daily Withdrawals Remaining (12350):
5.00
Please enter a command: 
Please enter the user's account number: 
Please enter amount to withdraw: 
The withdrawal transaction has completed.
Available Balance (12349):
600.86
Daily Withdrawals Remaining (12349):
0.00
Please enter a command: 
Please enter the user's account number: 
Please enter amount to withdraw: 
The withdrawal transaction has completed.
Available Balance (12350):
100.60
Daily Withdrawals Remaining (12350):
0.00
Please enter a command: 
