Please enter a command: 
Please enter your session type: 
Please enter a login name: 
Please enter a command: 
Please enter the user's account number: 
Please enter amount to withdraw: 
The withdrawal transaction has completed.
Available Balance (12353):
0.00
Daily Withdrawals Remaining (12353):
0.00
Please enter a command: 
Please enter the user's account number: 
Please enter amount to withdraw: 
The withdrawal transaction has completed.
Available Balance (12354):
0.00
Daily Withdrawals Remaining (12354):
0.00
Please enter a command: 
