Please enter a command: 
Please enter your session type: 
Please enter a command: 
Please enter the account holder's name: 
Please enter the user's account number: 
Please enter amount to withdraw: 
The withdrawal transaction has completed.
Available Balance (12348):
9410.00
Please enter a command: 
Please enter a command: 
Please enter your session type: 
Please enter a login name: 
Please enter a command: 
Please enter the user's account number: 
Please enter amount to withdraw: 
The withdrawal transaction has completed.
Available Balance (12348):
9404.90
Daily Withdrawals Remaining (12348):
495.00
Please enter a command: 
Please enter a command: 
Please enter your session type: 
Please enter a command: 
Please enter the account holder's name: 
Please enter the user's account number: 
Please enter amount to withdraw: 
The withdrawal transaction has completed.
Available Balance (12348):
8904.90
Please enter a command: 
Please enter a command: 
Please enter your session type: 
Please enter a login name: 
Please enter a command: 
Please enter the user's account number: 
Please enter amount to withdraw: 
The withdrawal transaction has completed.
Available Balance (12348):
8409.80
Daily Withdrawals Remaining (12348):
0.00
Please enter a command: 
Please enter a command: 
Please enter your session type: 
Please enter a command: 
Please enter the account holder's name: 
Please enter the user's account number: 
Please enter amount to withdraw: 
The withdrawal transaction has completed.
Available Balance (12348):
8404.80
Please enter a command: 
