Please enter your session type:
Please enter a login name:
Please enter a command user:
Please enter the account number:
Please enter amount to withdraw:
Success, 5.00 has been withdrawn.
Available Balance (12380):
5.10
Daily Withdrawals Remaining (12380):
495.00
Please enter the account number:
Please enter amount to withdraw:
Success, 5.00 has been withdrawn.
Available Balance (12380):
0.00
Daily Withdrawals Remaining (12380):
490.00
Please enter the account number:
Please enter amount to withdraw:
Success, 5.00 has been withdrawn.
Available Balance (12381):
5.05
Daily Withdrawals Remaining (12381):
495.00
Please enter the account number:
Please enter amount to withdraw:
Success, 5.00 has been withdrawn.
Available Balance (12381):
0.00
Daily Withdrawals Remaining (12381):
490.00
Please enter the account holder's name:
Please enter the account number:
Enter account number to transfer to:
Enter amount:
Success, 5.00 has been transferred to 12345.
Available Balance (12382):
5.10
Available Balance (12345):
115.00
Daily Transfer Limit Remaining (12382):
995.00
Please enter the account number:
Please enter amount to withdraw:
Success, 5.00 has been withdrawn.
Available Balance (12382):
0.00
Daily Withdrawals Remaining (12382):
495.00
Please enter the account holder's name:
Please enter the account number:
Enter account number to transfer to:
Enter amount:
Success, 5.00 has been transferred to 12345.
Available Balance (12383):
5.05
Available Balance (12345):
120.00
Daily Transfer Limit Remaining (12383):
995.00
Please enter the account number:
Please enter amount to withdraw:
Success, 5.00 has been withdrawn.
Available Balance (12383):
0.00
Daily Withdrawals Remaining (12383):
495.00
Please enter the account number:
Please enter recipient to be paid:
Please enter amount to pay:
Success, 5.00 has been paid to TV.
Available Balance (12384):
5.10
Daily Payment Limit to TV Remaining (12384):
1995.00
Please enter the account number:
Please enter amount to withdraw:
Success, 5.00 has been withdrawn.
Available Balance (12384):
0.00
Daily Withdrawals Remaining (12384):
495.00
Please enter the account number:
Please enter recipient to be paid:
Please enter amount to pay:
Success, 5.00 has been paid to TV.
Available Balance (12385):
5.05
Daily Payment Limit to TV Remaining (12385):
1995.00
Please enter the account number:
Please enter amount to withdraw:
Success, 5.00 has been withdrawn.
Available Balance (12385):
0.00
Daily Withdrawals Remaining (12385):
495.00
Please enter the account holder's name:
Please enter the account number:
Please enter amount to deposit:
Success, 5.00 has been deposited.
Available Balance (12386):
5.10
Please enter the account number:
Please enter amount to withdraw:
Success, 5.00 has been withdrawn.
Available Balance (12386):
0.00
Daily Withdrawals Remaining (12386):
495.00
Please enter the account holder's name:
Please enter the account number:
Please enter amount to deposit:
Success, 5.00 has been deposited.
Available Balance (12387):
5.05
Please enter the account number:
Please enter amount to withdraw:
Success, 5.00 has been withdrawn.
Available Balance (12387):
0.00
Daily Withdrawals Remaining (12387):
495.00
Please enter a command: 
