Please enter a command: 
Please enter your session type: 
Please enter a command: 
Please enter the account holder's name: 
Please enter an initial balance: 
Please enter a command: 
