Please enter a command: 
Please enter your session type: 
Please enter a command: 
Please enter the account holder's name: 
Please enter the user's account number: 
Please enter amount to deposit: 
ERROR, INPUT VALUE IS TOO LARGE.
Please enter a command: 
Please enter the account holder's name: 
Please enter the user's account number: 
Please enter amount to deposit: 
The deposit transaction has completed.
Available Balance (12345):
110.00
Please enter a command: 
Please enter the account holder's name: 
Please enter the user's account number: 
Please enter amount to deposit: 
The deposit transaction has completed.
Available Balance (12345):
110.00
Please enter a command: 
Please enter the account holder's name: 
Please enter the user's account number: 
Please enter amount to deposit: 
The deposit transaction has completed.
Available Balance (12345):
110.00
Please enter a command: 
Please enter the account holder's name: 
Please enter the user's account number: 
Please enter amount to deposit: 
ERROR, VALUE CAN HAVE AT MOST 2 DIGITS FOLLOWING THE DECIMAL.
Please enter a command: 
Please enter the account holder's name: 
Please enter the user's account number: 
Please enter amount to deposit: 
The deposit transaction has completed.
Available Balance (12345):
110.00
Please enter a command: 
Please enter a command: 
Please enter your session type: 
Please enter a login name: 
Please enter a command: 
Please enter the user's account number: 
Please enter amount to deposit: 
ERROR, INPUT VALUE IS TOO LARGE.
Please enter a command: 
Please enter the user's account number: 
Please enter amount to deposit: 
The deposit transaction has completed.
Available Balance (12345):
109.95
Please enter a command: 
Please enter the user's account number: 
Please enter amount to deposit: 
The deposit transaction has completed.
Available Balance (12345):
109.90
Please enter a command: 
Please enter the user's account number: 
Please enter amount to deposit: 
The deposit transaction has completed.
Available Balance (12345):
109.85
Please enter a command: 
Please enter the user's account number: 
Please enter amount to deposit: 
ERROR, VALUE CAN HAVE AT MOST 2 DIGITS FOLLOWING THE DECIMAL.
Please enter a command: 
Please enter the user's account number: 
Please enter amount to deposit: 
The deposit transaction has completed.
Available Balance (12345):
109.80
Please enter a command: 
