Please enter a command: 
Please enter your session type: 
Please enter a command: 
Please enter the account holder's name: 
Please enter the user's account number: 
Please enter amount to deposit: 
ERROR, THAT VALUE WOULD CAUSE ACCOUNT TO EXCEED THE MAXIMUM BALANCE.
Available Balance (12361):
99996.00
Please enter a command: 
Please enter the account holder's name: 
Please enter the user's account number: 
Please enter amount to deposit: 
The deposit transaction has completed.
Available Balance (12361):
99996.00
Please enter a command: 
Please enter the account holder's name: 
Please enter the user's account number: 
Please enter amount to deposit: 
ERROR, THAT VALUE WOULD CAUSE ACCOUNT TO EXCEED THE MAXIMUM BALANCE.
Available Balance (12361):
99996.00
Please enter a command: 
Please enter a command: 
Please enter your session type: 
Please enter a login name: 
Please enter a command: 
Please enter the user's account number: 
Please enter amount to deposit: 
ERROR, THAT VALUE WOULD CAUSE ACCOUNT TO EXCEED THE MAXIMUM BALANCE.
Available Balance (12362):
99996.00
Please enter a command: 
Please enter the user's account number: 
Please enter amount to deposit: 
The deposit transaction has completed.
Available Balance (12362):
99995.90
Please enter a command: 
Please enter the user's account number: 
Please enter amount to deposit: 
ERROR, THAT VALUE WOULD CAUSE ACCOUNT TO EXCEED THE MAXIMUM BALANCE.
Available Balance (12362):
99995.90
Please enter a command: 
