Please enter a command: 
Please enter your session type: 
Please enter a login name: 
Please enter a command: 
Please enter the transferring account's number: 
ERROR, THAT ACCOUNT IS DISABLED.
Please enter a command: 
