Please enter a command: 
ERROR, YOU HAVE NOT LOGGED IN YET.
Please enter a command: 
ERROR, YOU HAVE NOT LOGGED IN YET.
Please enter a command: 
ERROR, YOU HAVE NOT LOGGED IN YET.
Please enter a command: 
ERROR, YOU HAVE NOT LOGGED IN YET.
Please enter a command: 
ERROR, YOU HAVE NOT LOGGED IN YET.
Please enter a command: 
ERROR, YOU HAVE NOT LOGGED IN YET.
Please enter a command: 
ERROR, YOU HAVE NOT LOGGED IN YET.
Please enter a command: 
ERROR, YOU HAVE NOT LOGGED IN YET.
Please enter a command: 
ERROR, YOU HAVE NOT LOGGED IN YET.
Please enter a command: 
ERROR, YOU HAVE NOT LOGGED IN YET.
