Please enter a command: 
Please enter your session type: 
Please enter a command: 
Please enter the account holder's name: 
Please enter the user's account number: 
Please enter recipient to be paid: 
Please enter amount to pay: 
Amount has been paid successfully.
Available Balance (12351):
495.00
Please enter a command: 
Please enter the account holder's name: 
Please enter the user's account number: 
Please enter recipient to be paid: 
Please enter amount to pay: 
Amount has been paid successfully.
Available Balance (12352):
495.00
Please enter a command: 
