Please enter a command: 
Please enter your session type: 
Please enter a login name: 
Please enter a command: 
Please enter the user's account number: 
Please enter recipient to be paid: 
Please enter amount to pay: 
Amount has been paid successfully.
Available Balance (12348):
10004.90
Daily Payment Limit to TV Remaining (12348):
1995.00
Please enter a command: 
Please enter the user's account number: 
Please enter recipient to be paid: 
Please enter amount to pay: 
Amount has been paid successfully.
Available Balance (12348):
8009.80
Daily Payment Limit to TV Remaining (12348):
0.00
Please enter a command: 
