Please enter a command: 
Please enter your session type: 
Please enter a login name: 
Please enter a command: 
Please enter the transferring account's number: 
Please enter the recipient account's number: 
Please enter amount to transfer: 
Amount has been transferred successfully.
Available Balance (12348):
9509.90
Available Balance (12346):
610.00
Daily Transfer Limit Remaining (12348):
500.00
Please enter a command: 
Please enter the transferring account's number: 
Please enter the recipient account's number: 
Please enter amount to transfer: 
ERROR, THE VALUE ENTERED IS BEYOND THE TRANSFER LIMIT.
Available Balance (12348):
9509.90
Available Balance (12346):
610.00
Daily Transfer Limit Remaining (12348):
500.00
Please enter a command: 
