Please enter a command: 
Please enter your session type: 
Please enter a login name: 
Please enter a command: 
Please enter the transferring account's number: 
Please enter the recipient account's number: 
Please enter amount to transfer: 
Amount has been transferred successfully.
Available Balance (12345):
104.95
Available Balance (12346):
115.00
Daily Transfer Limit Remaining (12345):
995.00
Please enter a command: 
Please enter a command: 
Please enter your session type: 
Please enter a command: 
Please enter the account holder's name: 
Please enter the transferring account's number: 
Please enter the recipient account's number: 
Please enter amount to transfer: 
Amount has been transferred successfully.
Available Balance (12345):
99.95
Available Balance (12346):
120.00
Please enter a command: 
