Please enter a command: 
Please enter your session type: 
Please enter a login name: 
Please enter a command: 
Please enter the user's account number: 
Please enter recipient to be paid: 
Please enter amount to pay: 
Amount has been paid successfully.
Available Balance (12348):
8009.90
Daily Payment Limit to TV Remaining (12348):
0.00
Please enter a command: 
Please enter the user's account number: 
Please enter amount to withdraw: 
The withdrawal transaction has completed.
Available Balance (12348):
8004.80
Daily Withdrawals Remaining (12348):
495.00
Please enter a command: 
Please enter the transferring account's number: 
Please enter the recipient account's number: 
Please enter amount to transfer: 
Amount has been transferred successfully.
Available Balance (12348):
7004.70
Available Balance (12345):
1110.00
Daily Transfer Limit Remaining (12348):
0.00
Please enter a command: 
Please enter the user's account number: 
Please enter amount to withdraw: 
The withdrawal transaction has completed.
Available Balance (12348):
6999.60
Daily Withdrawals Remaining (12348):
490.00
Please enter a command: 
